stm32f4xx_hal_flash_ex.c:558:13:FLASH_MassErase	0	static
stm32f4xx_hal_flash_ex.c:302:19:HAL_FLASHEx_OBProgram	24	static
stm32f4xx_hal_flash_ex.c:361:6:HAL_FLASHEx_OBGetConfig	0	static
stm32f4xx_hal_flash_ex.c:390:19:HAL_FLASHEx_AdvOBProgram	24	static
stm32f4xx_hal_flash_ex.c:446:6:HAL_FLASHEx_AdvOBGetConfig	0	static
stm32f4xx_hal_flash_ex.c:478:19:HAL_FLASHEx_OB_SelectPCROP	0	static
stm32f4xx_hal_flash_ex.c:503:19:HAL_FLASHEx_OB_DeSelectPCROP	0	static
stm32f4xx_hal_flash_ex.c:525:10:HAL_FLASHEx_OB_GetBank2WRP	0	static
stm32f4xx_hal_flash_ex.c:602:6:FLASH_Erase_Sector	0	static
stm32f4xx_hal_flash_ex.c:249:19:HAL_FLASHEx_Erase_IT	8	static
stm32f4xx_hal_flash_ex.c:1327:6:FLASH_FlushCaches	0	static
stm32f4xx_hal_flash_ex.c:178:19:HAL_FLASHEx_Erase	32	static
